[0;30mDetected 1 PCI device 
[0m[0;30mOpening TT_PCI_INTERFACE_ID 0
[0m[0;30mVID:DID      0x1e52:0xfaca
[0m[0;30mSubVID:SubID 0x1e52:0x1
[0m[0;30mBSF          9:0:0
[0m[0;30mBAR          0xc0000000  size: 48MB
[0mdebuda-stub: listening on tcp://*:5555...
Spawning debuda-stub...
Connecting to debuda-stub...
Connected to debuda-stub.
tt_build/test_op_6715245286658215413
[34mOutput directory not specified: looking for the most recent tt_build/ subdirectory. Found: tt_build/test_op_6715245286658215413[0m
[34mLoading netlist 'dbd/test/netlists/netlist_multi_matmul_perf.yaml'[0m
[34mExecuting command: hq[0m
[34mHost queues (where dram_io_flag_is_remote!=0) for epoch 0 [0m
No host queues found
[34mExecuting command: dq[0m
[34mDRAM queues for epoch 0[0m
  Buffer ID  Op      Input Ops    Output Ops      dram_buf_flag    dram_io_flag    Channel  Address       RD ptr    WR ptr    Occupancy    Slots    Size [bytes]
-----------  ------  -----------  ------------  ---------------  --------------  ---------  ----------  --------  --------  -----------  -------  --------------
10000010000  output  d_op3                                    0               1          0  0x32000000         0         0            0        1          131072
10000050000  input0               f_op0                       1               0          0  0x30000000         0         1            1        1           66560
10000030000  input1               f_op1                       1               0          0  0x31000000         0         1            1        1           66560
[34mExecuting command: abs[0m
[34mAnalyzing device 1/1[0m
X-Y    Op                          Stream  Type      Epoch    Phase    MSGS_REMAINING    MSGS_RECEIVED  Depends on    State    Flag
-----  ------------------------  --------  ------  -------  -------  ----------------  ---------------  ------------  -------  ------
3-3    test_op/recip:reciprocal         8  input         0        1                32                2  2-1           Active   [38:2:205:106:0mAll core inputs ready, but no output generated[0m
Speed dial:
  #  Description    Command
---  -------------  ---------
  0  Go to stream   s 3 3 8
[34mExecuting command: abs 1[0m
[34mAnalyzing device 1/1[0m
X-Y    Op                          Stream  Type            Epoch    Phase    MSGS_REMAINING    MSGS_RECEIVED  Depends on       State    Flag
-----  ------------------------  --------  ------------  -------  -------  ----------------  ---------------  ---------------  -------  ------
2-1    test_op/f_op1:datacopy           8  input               0        1                 0                0  2-1
                                       24  output              0        1                 0                0
                                       40  op-relay            0        1                 0                0
                                       41  op-relay            0        1                24                2                   Active
3-1    test_op/matmul1:matmul           8  input               0        1                 0                0  2-1
                                        9  input               0        1                 0                0
                                       24  output              0        1                56                2                   Active
                                       32  intermediate        0        1                64                0
3-3    test_op/recip:reciprocal         8  input               0        1                32                2  2-1              Active   [38:2:205:106:0mAll core inputs ready, but no output generated[0m
                                       24  output              0        1                32                0
5-3    test_op/matmul2:matmul           8  input               0        1                32                2  2-1 3-3          Active
                                        9  input               0        1                32                0
                                       24  output              0        1                64                0
                                       32  intermediate        0        1                64                0
7-3    test_op/add1:add                 8  input               0        1                64                2  2-1 5-3 3-1 3-3  Active
                                        9  input               0        1                64                0
                                       24  output              0        1                64                0
Speed dial:
  #  Description    Command
---  -------------  ---------
  0  Go to stream   s 2 1 41
  1  Go to stream   s 3 1 24
  2  Go to stream   s 3 3 8
  3  Go to stream   s 5 3 8
  4  Go to stream   s 7 3 8
[34mExecuting command: s 1 1 8[0m
Registers                                                     Stream (blob.yaml)                        Buffer 10000100000                          Pipe 10000260000
------------------------------------------------  ----------  ---------------------------  -----------  -----------------------------  -----------  ------------------  -------------
STREAM_ID                                         8           buf_addr                     196608       md_op_name                     f_op0        id                  10000260000
PHASE_AUTO_CFG_PTR (word addr)                    0x18554     buf_id                       10000100000  id                             0            input_list          [10000050000]
CURR_PHASE                                        1           buf_size                     16640        uniqid                         10000100000  output_list         [10000100000]
CURR_PHASE_NUM_MSGS_REMAINING                     0           buf_space_available_ack_thr  0            epoch_tiles                    32           outgoing_noc_id     0
NUM_MSGS_RECEIVED                                 0           data_auto_send               True         chip_id                        [0]          mcast_core_rc       [0, 0, 0]
NEXT_MSG_ADDR                                     0x338e      dest                         []           core_coordinates               (0, 0)
NEXT_MSG_SIZE                                     0x82        fork_stream_ids              []           size_tiles                     8
OUTGOING_DATA_NOC                                 0           input_index                  0            scatter_gather_num_tiles       32
LOCAL_SOURCES_CONNECTED                           0           intermediate                 False        is_scatter                     0
SOURCE_ENDPOINT                                   0           msg_info_buf_addr            0            replicate                      0
REMOTE_SOURCE                                     1           msg_size                     2080         tile_size                      2080
RECEIVER_ENDPOINT                                 1           next_phase_dest_change       True         tile_clear_granularity         4
LOCAL_RECEIVER                                    0           next_phase_src_change        True         dram_io_flag_is_remote         0
REMOTE_RECEIVER                                   0           num_fork_streams             0            dram_buf_flag                  0
NEXT_PHASE_SRC_CHANGE                             1           num_iters_in_epoch           1            dram_buf_streaming             0
NEXT_PHASE_DST_CHANGE                             1           num_msgs                     32           write_dram_buf_flag            0
INCOMING_DATA_NOC                                 0           num_unroll_iter              1            dram_prefetch_incoming_noc_id  0
REMOTE_SRC_X                                      11([34m1[0m)       phase_auto_advance           True         outgoing_noc_id                0
REMOTE_SRC_Y                                      10([34m1[0m)       phase_auto_config            False        dram_chan                      0
REMOTE_SRC_STREAM_ID                              41          receiver_endpoint            True         dram_sub_chan                  0
REMOTE_SRC_UPDATE_NOC                             1           reg_update_vc                1            dram_addr                      0
REMOTE_SRC_PHASE                                  1           remote_source                True         q_slots                        0
REMOTE_SRC_DEST_INDEX                             0           unroll_iter                  0            dram_io_flag                   0
REMOTE_SRC_IS_MCAST                               0           phase_id                     1            dram_io_allow_overwrite        0
BUF_START (word addr)                             0x3000                                                dram_io_skip_flow_ctrl         0
BUF_SIZE (words)                                  0x410                                                 dram_ram_flag                  0
BUF_RD_PTR (word addr)                            0x0                                                   use_shadow_rd_ptr              0
BUF_WR_PTR (word addr)                            0x0                                                   ublock_rt                      0
MSG_INFO_PTR (word addr)                          0x2020                                                ublock_ct                      0
MSG_INFO_WR_PTR (word addr)                       0x2020                                                mblock_m                       0
STREAM_BUF_SPACE_AVAILABLE_REG_INDEX (word addr)  0x410                                                 mblock_n                       0
DATA_BUF_NO_FLOW_CTRL                             0                                                     mblock_k                       0
UNICAST_VC_REG                                    0                                                     untilized_output               0
REG_UPDATE_VC_REG                                 1                                                     untilized_output_full_r_dim    0
SCRATCH_REG0                                      0x00000000                                            untilized_output_full_c_dim    0
SCRATCH_REG1                                      0x00000000                                            untilized_output_r_dim         0
SCRATCH_REG2                                      0x00000000                                            untilized_output_c_dim         0
SCRATCH_REG3                                      0x00000000                                            untilized_output_z_dim         0
SCRATCH_REG4                                      0x00000000                                            untilized_output_type_0_zdim   0
SCRATCH_REG5                                      0x00000000                                            untilized_output_type_1_zdim   0
DEBUG_STATUS[0]                                   0x00000001
DEBUG_STATUS[1]                                   0x00000000
DEBUG_STATUS[2]                                   0x00000009
DEBUG_STATUS[3]                                   0x00000000
DEBUG_STATUS[4]                                   0x00000000
DEBUG_STATUS[5]                                   0x00000000
DEBUG_STATUS[6]                                   0x0082338e
DEBUG_STATUS[7]                                   0x00000c00
DEBUG_STATUS[8]                                   0x00000000
DEBUG_STATUS[9]                                   0x00000008
Speed dial:
  #  Description                                 Command
---  ------------------------------------------  ---------
  0  Go to source (test_op/f_op0:datacopy)       s 1 1 41
  1  Go to destination (test_op/matmul1:matmul)  s 3 1 8
  2  Go to destination (test_op/matmul2:matmul)  s 5 3 8
  3  Go to destination (test_op/f_op0:datacopy)  s 1 1 8
[34mExecuting command: cdr 1 1[0m
=== Debug registers for core 1-1 ===
T0               T1               T2               FW
-------  ------  -------  ------  -------  ------  -------  ------
DBG[0]   0x0000  DBG[0]   0x0000  DBG[0]   0x0000  DBG[0]   0x0000
DBG[1]   0x0000  DBG[1]   0x0000  DBG[1]   0x0000  DBG[1]   0x0000
DBG[2]   0x0000  DBG[2]   0x0000  DBG[2]   0x0000  DBG[2]   0x0000
DBG[3]   0x0000  DBG[3]   0x0000  DBG[3]   0x0000  DBG[3]   0x0000
DBG[4]   0x0000  DBG[4]   0x0000  DBG[4]   0x0000  DBG[4]   0x0000
DBG[5]   0x0000  DBG[5]   0x0000  DBG[5]   0x0000  DBG[5]   0x0000
DBG[6]   0x0000  DBG[6]   0x0000  DBG[6]   0x0000  DBG[6]   0x0000
DBG[7]   0x0000  DBG[7]   0x0000  DBG[7]   0x0000  DBG[7]   0x0000
DBG[8]   0x0000  DBG[8]   0x0000  DBG[8]   0x0000  DBG[8]   0x0000
DBG[9]   0x0000  DBG[9]   0x0000  DBG[9]   0x0000  DBG[9]   0x0000
DBG[10]  0x0000  DBG[10]  0x0000  DBG[10]  0x0000  DBG[10]  0x0000
DBG[11]  0x0000  DBG[11]  0x0000  DBG[11]  0x0000  DBG[11]  0x0000
DBG[12]  0x0000  DBG[12]  0x0000  DBG[12]  0x0000  DBG[12]  0x0000
DBG[13]  0x0000  DBG[13]  0x0000  DBG[13]  0x0000  DBG[13]  0x0000
DBG[14]  0x0000  DBG[14]  0x0000  DBG[14]  0x0000  DBG[14]  0x0000
DBG[15]  0x0000  DBG[15]  0x0000  DBG[15]  0x0000  DBG[15]  0x0000
DBG[16]  0x0000  DBG[16]  0x0000  DBG[16]  0x0000  DBG[16]  0x0000
DBG[17]  0x0000  DBG[17]  0x0000  DBG[17]  0x0000  DBG[17]  0x0000
DBG[18]  0x0000  DBG[18]  0x0000  DBG[18]  0x0000  DBG[18]  0x0000
DBG[19]  0x0000  DBG[19]  0x0000  DBG[19]  0x0000  DBG[19]  0x0000
DBG[20]  0x0000  DBG[20]  0x0000  DBG[20]  0x0000  DBG[20]  0x0000
DBG[21]  0x0000  DBG[21]  0x0000  DBG[21]  0x0000  DBG[21]  0x0000
DBG[22]  0x0000  DBG[22]  0x0000  DBG[22]  0x0000  DBG[22]  0x0000
DBG[23]  0x0000  DBG[23]  0x0000  DBG[23]  0x0000  DBG[23]  0x0000
DBG[24]  0x0000  DBG[24]  0x0000  DBG[24]  0x0000  DBG[24]  0x0000
DBG[25]  0x0000  DBG[25]  0x0000  DBG[25]  0x0000  DBG[25]  0x0000
DBG[26]  0x0000  DBG[26]  0x0000  DBG[26]  0x0000  DBG[26]  0x0000
DBG[27]  0x0000  DBG[27]  0x0000  DBG[27]  0x0000  DBG[27]  0x0000
DBG[28]  0x0000  DBG[28]  0x0000  DBG[28]  0x0000  DBG[28]  0x0000
DBG[29]  0x0000  DBG[29]  0x0000  DBG[29]  0x0000  DBG[29]  0x0000
DBG[30]  0x0000  DBG[30]  0x0000  DBG[30]  0x0000  DBG[30]  0x0000
DBG[31]  0x0000  DBG[31]  0x0000  DBG[31]  0x0000  DBG[31]  0x0000
[34mExecuting command: c 1 1[0m
Core 1-1
----------  --
epoch        0
[34mExecuting command: d[0m
[34m==== Device 0[0m
00  +   +   +   +   .   .   .   .   .   .   .   .
01  .   .   .   .   .   .   .   .   .   .   .   .
02  .   .   +   .   +   .   +   .   .   .   .   .
03  .   .   .   .   .   .   .   .   .   .   .   .
04  .   .   .   .   .   .   .   .   .   .   .   .
05  .   .   .   .   .   .   .   .   .   .   .   .
06  .   .   .   .   .   .   .   .   .   .   .   .   [34m+ - Functional worker with configured stream(s)[0m
07  .   .   .   .   .   .   .   .   .   .   .   .   [34m. - Functional worker[0m
08  .   .   .   .   .   .   .   .   .   .   .   .   [34mLegend:[0m
09  .   .   .   .   .   .   .   .   .   .   .   .   [34mCoordinate system: rc[0m
    00  01  02  03  04  05  06  07  08  09  10  11
[34mExecuting command: t 1 0[0m
1-1 buffer_addr: 0x00030000 buffer_size: 0x4100 msg_size:2080
 -0.3430  -0.2942   0.4727   0.2063  -0.7881  -0.4026  -0.8525   0.4094  -0.8203   0.1946  -0.4351   0.4487   0.0430   0.4973  -0.4001   0.4529  -0.3989   0.7446   0.0057   0.9238  -0.9160  -0.0641   0.6636  -0.4558   0.1375   0.0047  -0.7637  -0.8296   0.9551  -0.3203  -0.4236  -0.3711 
 -0.5347   0.1876   0.7349  -0.3435   0.4973   0.3530  -0.0134  -0.0207   0.7559   0.7915  -0.0734  -0.7534  -0.9468  -0.9795   0.4436  -0.0560  -0.4727  -0.4773  -0.3533  -0.1515   0.8594   0.9663   0.2438   0.8638   0.5273  -0.2725   0.0671   0.3762   0.1809  -0.3315   0.5332  -0.1765 
  0.8921  -0.8828   0.4197  -0.7422  -0.9434   0.5332  -0.2859   0.9468   0.5469   0.5400  -0.9331   0.8330   0.7598  -0.3796   0.3450  -0.2517  -0.5254  -0.8853  -0.1272  -0.8848  -0.9414   0.9058  -0.8589  -0.5684   0.1005  -0.5469  -0.5459  -0.4629  -0.6416  -0.3796   0.8926  -0.0123 
  0.3057  -0.1935  -0.9131  -0.8970  -0.4072  -0.4167  -0.6338  -0.0506   0.9160   0.6724  -0.3875   0.9526   0.2174  -0.7417   0.0396  -0.3860   0.8140  -0.9150  -0.9897  -0.6509  -0.3479   0.4390  -0.6509   0.6440   0.5635  -0.8496  -0.2218   0.4692   0.6738  -0.1587   0.0563  -0.2034 
  0.8999   0.9727  -0.1149  -0.2668  -0.2996  -0.7988   0.4729  -0.6250  -0.6333   0.2534   0.2812   0.4685  -0.8809   0.2284   0.4509   0.5117   0.5483   0.0043  -0.7358   0.2681   0.7666  -0.9946  -0.8184  -0.9521   0.4905  -0.3303   0.8296  -0.4651   0.2900  -0.1747   0.1343   0.0394 
  0.4397  -0.6201  -0.5566   0.7583  -0.3960  -0.1203   0.6670  -0.0176  -0.8188  -0.8252   0.1746  -0.5059   0.7705   0.5864  -0.8359  -0.0258  -0.6597  -0.4854  -0.7930  -0.8276  -0.7866   0.6621   0.6045   0.6279   0.2512  -0.1825  -0.5522  -0.6470  -0.1384  -0.0936   0.1534  -0.4263 
  0.3970   0.0177  -0.2827  -0.1614  -0.2805   0.1006  -0.2163   0.2898  -0.6748  -0.4946  -0.9160  -0.1298   0.2402   0.0826  -0.0798  -0.6875  -0.4338  -0.1140  -0.1031  -0.3496  -0.8101   0.5146  -0.2279  -0.2656   0.2356  -0.6030   0.8618  -0.5625  -0.0034  -0.2156  -0.5088   0.0486 
 -0.1104   0.0289  -0.5698  -0.1114   0.8159   0.4089   0.8613  -0.1796  -0.8950  -0.7378   0.4946  -0.7085  -0.1215   0.3479   0.6509   0.2756   0.1804   0.3970  -0.3748  -0.6050  -0.9487  -0.1479   0.7603  -0.6108   0.1892  -0.3831  -0.4038  -0.5356  -0.7705  -0.9390   0.1099  -0.0361 
  0.4023  -0.0415   0.2422  -0.2250  -0.9668  -0.8047   0.7803  -0.0629  -0.1296   0.1460  -0.8555  -0.4385   0.4224   0.9248  -0.0553  -0.3162  -0.2291  -0.7646   0.1040  -0.5771  -0.3464   0.8169  -0.5229   0.0185   0.8149   0.9932   0.6089   0.9580  -0.3340   0.0066  -0.4192   0.2715 
  0.5112  -0.2874   0.5444   0.5625  -0.9878   0.0078   0.7021   0.1290  -0.1060   0.3152  -0.8062   0.1837   0.2413  -0.3499  -0.3584  -0.5049   0.8579  -0.6494   0.6074   0.5479  -0.6641  -0.6572   0.5469  -0.0414  -0.4934  -0.3403  -0.4246  -0.3950   0.9673  -0.5239  -0.7700  -0.9614 
  0.4890  -0.0674   0.4900  -0.5469  -0.5811   0.4656   0.7646   0.9941  -0.8218   0.2549   0.4336   0.1394  -0.9990   0.5728   0.4216  -0.8872   0.2371  -0.1707  -0.2421  -0.2678   0.3000   0.9941   0.3328   0.3972   0.2244   0.4153  -0.5967  -0.2488  -0.3840   0.6426   0.7485  -0.2959 
  0.6709  -0.9121  -0.3269  -0.3374   0.9766  -0.2927   0.8936   0.4746   0.4243   0.7827  -0.5879   0.0977  -0.5371  -0.6606  -0.0458  -0.9570  -0.8501   0.5332   0.7959   0.0898  -0.1835   0.0475  -0.2859   0.3616  -0.0933  -0.3530   0.8457   0.7803   0.8218  -0.7690  -0.4868  -0.5972 
  0.0981   0.6201  -0.1346   0.6362  -0.9077  -0.9189   0.0491   0.2079   0.5347   0.3755   0.5454  -0.6401   0.4678  -0.1945  -0.5928   0.2795  -0.8535  -0.8530  -0.6616   0.1127  -0.9800  -0.1118   0.5112  -0.2421  -0.5908  -0.4543  -0.1290   0.5117  -0.8145   0.2922   0.0767   0.1663 
 -0.1831   0.5200  -0.4536  -0.8711   0.8999  -0.5435  -0.3792  -0.0906   0.3391   0.0497   0.9272   0.1017   0.3958   0.0248   0.3748  -0.2460   0.5664  -0.9204   0.2998   0.7329  -0.1816  -0.3032  -0.5317   0.2222   0.9131   0.2620   0.2913   0.4106  -0.9858   0.1720  -0.2479   0.4050 
 -0.9175   0.7515   0.7144   0.9668  -0.5581   0.5161   0.0782   0.4995  -0.5986   0.7822   0.2766   0.1305   0.3037   0.6655   0.5293   0.4397   0.0516   0.2847   0.6650   0.9482   0.5234  -0.9990   0.0335   0.0259   0.7046   0.1146  -0.7544  -0.5942  -0.7192   0.2065   0.9795  -0.5430 
 -0.7383  -0.4167   0.2612   0.9443   0.2778   0.0048  -0.2258  -0.7573  -0.1287   0.6235   0.0340  -0.8306  -0.0465   0.4731   0.2607  -0.3960  -0.8726   0.6909  -0.5405  -0.7812   0.1337  -0.0107   0.1252  -0.8540  -0.5166   0.7231  -0.8140   0.8677  -0.5806   0.4158   0.0593   0.7305 
 -0.2357  -0.6831  -0.4082  -0.0874  -0.9028   0.1572  -0.8945   0.9272   0.6250   0.1814   0.0995  -0.1081   0.8667   0.8369  -0.5083   0.3679  -0.7222   0.8472  -0.9395  -0.8623   0.1869  -0.8403   0.1870   0.6821  -0.5693   0.6548  -0.1827  -0.7368  -0.7603   0.1234  -0.7046  -0.3540 
  0.2622  -0.4097  -0.3689  -0.6875  -0.3955  -0.3042   0.2001   0.6777  -0.5063   0.7510  -0.9678   0.1833  -0.3889  -0.1746   0.7476  -0.7085   0.7515  -0.7026   0.8369   0.9263  -0.6133   0.7832   0.3396   0.9160  -0.0156   0.0790  -0.4736   0.9766   0.2874   0.3926   0.2200   0.4175 
 -0.7100   0.7876   0.5215   0.5278   0.8208   0.4824  -0.3818  -0.8677  -0.8013   0.6206  -0.2729  -0.5571   0.6978   0.3469  -0.0754   0.9321   0.5278   0.4656   0.1707   0.2299   0.9512  -0.6948   0.1141  -0.4412   0.5649   0.6846  -0.2305   0.9097  -0.1018  -0.4214  -0.4592  -0.2710 
 -0.4927   0.0886   0.1060  -0.5435   0.3423   0.2876  -0.9282  -0.6909  -0.9214  -0.6147  -0.9438   0.5259   0.0663  -0.6846   0.1664  -0.0130   0.0982   0.6880  -0.0320  -0.0994   0.1210  -0.9521  -0.3979  -0.7246   0.8286  -0.3826   0.7017  -0.1642   0.0016  -0.9453   0.2230   0.9995 
  0.2195   0.7544  -0.5181  -0.4526  -0.6812  -0.3640   0.7798   0.9482  -0.2172  -0.5796   0.8174   0.4438   0.3867  -0.3923   0.4631   0.0466  -0.6343   0.8438   0.7754  -0.7251   0.5879   0.0351  -0.8828   0.6587   0.7988  -0.9326   0.0908   0.5654   0.3931   0.6514   0.6528   0.1183 
 -0.5391  -0.0824  -0.3132   0.6118   0.6133   0.2153  -0.2576   0.0827   0.3079  -0.0501   0.6372   0.5605   0.5493   0.1276   0.2094  -0.8613   0.8486   0.2512  -0.4043  -0.9287  -0.1427  -0.4041   0.5449  -0.7256   0.5234  -0.6465   0.3191  -0.0019  -0.7485  -0.6357   0.1569   0.1729 
  0.9316  -0.7905  -0.4719   0.9717  -0.8618   0.1921  -0.9702   0.1694   0.2068  -0.1132  -0.8955  -0.1256   0.8501   0.3596   0.7681  -0.8633   0.8022  -0.1847   0.2964  -0.0041  -0.9375  -0.2566   0.1237   0.7158  -0.8447  -0.0963  -0.8354   0.7549  -0.8882   0.7290  -0.7568   0.4736 
  0.0576  -0.7231   0.1337  -0.9302   0.5537  -0.3960   0.5664   0.0008  -0.4033   0.3972  -0.1107  -0.1042   0.0171   0.7319  -0.9893  -0.2776   0.7544  -0.6089  -0.0041  -0.9272   0.1582   0.4343  -0.5361   0.0363   0.5518   0.3828  -0.2771  -0.0083   0.3687  -0.5405   0.0316   0.4192 
  0.6885  -0.5161   0.0634  -0.0116   0.6870   0.6460  -0.3403   0.7397  -0.2998  -0.1769   0.4167  -0.3877   0.3831  -0.8813  -0.7773   0.7871  -0.3818   0.5298  -0.7422  -0.2013  -0.5332  -0.1340  -0.2556  -0.8535   0.9604   0.6240  -0.2573   0.1754  -0.1057   0.1541  -0.8472   0.4312 
 -0.2573   0.7056  -0.3945  -0.9907  -0.2678  -0.7939  -0.7627   0.1346   0.3137  -0.2279  -0.8442  -0.6445   0.3923   0.7456  -0.5278   0.9116   0.3936  -0.6855  -0.1030   0.7056   0.9204  -0.5269  -0.2203   0.9331   0.6357   0.9180   0.8779   0.1370  -0.9253   0.4119   0.1992   0.3940 
 -0.4802   0.3247  -0.5312   0.2939   0.0230  -0.4944   0.8813   0.1339  -0.8760   0.4939   0.9180   0.9058   0.6128  -0.4548   0.8003   0.5088  -0.8989  -0.5996  -0.3984   0.9795  -0.7554  -0.1555  -0.1969   0.4773  -0.6528  -0.5586  -0.8613   0.1350   0.2937   0.5010   0.0679   0.5024 
  0.7637   0.4058  -0.6875  -0.3660  -0.3042  -0.1274   0.1654  -0.7466  -0.8379   0.0997   0.7842  -0.1654   0.9316  -0.9419   0.0764  -0.5732   0.6558  -0.7515  -0.0166  -0.8306  -0.8086  -0.9263  -0.1960   0.0821   0.0511   0.6416   0.4646   0.6133  -0.7290  -0.9155  -0.1195  -0.6245 
  0.3911  -0.7744   0.2656  -0.4861  -0.8315  -0.4243  -0.3269  -0.6353  -0.9043   0.3982  -0.7007  -0.2078  -0.5815  -0.8931  -0.1696  -0.1722   0.0017   0.6362   0.6455  -0.4451   0.5552  -0.2358  -0.0001  -0.9082  -0.3809  -0.8701  -0.7339   0.7852   0.7666  -0.9189  -0.0874   0.1168 
  0.2368  -0.8994   0.3909   0.9180   0.4897  -0.7168   0.6465  -0.7817  -0.0189   0.7715  -0.1334  -0.4482   0.5054  -0.2230  -0.2771   0.6221  -0.8906   0.0241   0.6318  -0.0732   0.3062   0.4663  -0.0818   0.5728   0.9604  -0.5498   0.3523   0.3586  -0.7319   0.9282  -0.2983   0.8232 
  0.0699  -0.0978   0.5845  -0.7749   0.7046  -0.0636   0.1826   0.4641  -0.8452  -0.4480  -0.2500  -0.8213  -0.3237   0.8745   0.7603  -0.7017  -0.6929  -0.8340  -0.4729   0.0649  -0.9053  -0.2302  -0.0682   0.7534  -0.6768  -0.3025   0.9526  -0.4641  -0.1371   0.4954   0.8115  -0.8662 
 -0.5947   0.7573   0.1431   0.7437   0.4822   0.7808   0.5894   0.6240   0.3308   0.3750   0.9976  -0.8125   0.4324  -0.1296   0.2235  -0.6484   0.7495   0.2983   0.4363  -0.4431  -0.7393   0.9185   0.5376   0.8296  -0.6982  -0.4517  -0.7026  -0.7637  -0.4189   0.6025   0.4929  -0.0047 

[34mExecuting command: d 0[0m
[34m==== Device 0[0m
00  +   +   +   +   .   .   .   .   .   .   .   .
01  .   .   .   .   .   .   .   .   .   .   .   .
02  .   .   +   .   +   .   +   .   .   .   .   .
03  .   .   .   .   .   .   .   .   .   .   .   .
04  .   .   .   .   .   .   .   .   .   .   .   .
05  .   .   .   .   .   .   .   .   .   .   .   .
06  .   .   .   .   .   .   .   .   .   .   .   .   [34m+ - Functional worker with configured stream(s)[0m
07  .   .   .   .   .   .   .   .   .   .   .   .   [34m. - Functional worker[0m
08  .   .   .   .   .   .   .   .   .   .   .   .   [34mLegend:[0m
09  .   .   .   .   .   .   .   .   .   .   .   .   [34mCoordinate system: rc[0m
    00  01  02  03  04  05  06  07  08  09  10  11
[34mExecuting command: d 1[0m
[31mInvalid device id '1'[0m
[34mExecuting command: cdr 1 1[0m
=== Debug registers for core 1-1 ===
T0               T1               T2               FW
-------  ------  -------  ------  -------  ------  -------  ------
DBG[0]   0x0000  DBG[0]   0x0000  DBG[0]   0x0000  DBG[0]   0x0000
DBG[1]   0x0000  DBG[1]   0x0000  DBG[1]   0x0000  DBG[1]   0x0000
DBG[2]   0x0000  DBG[2]   0x0000  DBG[2]   0x0000  DBG[2]   0x0000
DBG[3]   0x0000  DBG[3]   0x0000  DBG[3]   0x0000  DBG[3]   0x0000
DBG[4]   0x0000  DBG[4]   0x0000  DBG[4]   0x0000  DBG[4]   0x0000
DBG[5]   0x0000  DBG[5]   0x0000  DBG[5]   0x0000  DBG[5]   0x0000
DBG[6]   0x0000  DBG[6]   0x0000  DBG[6]   0x0000  DBG[6]   0x0000
DBG[7]   0x0000  DBG[7]   0x0000  DBG[7]   0x0000  DBG[7]   0x0000
DBG[8]   0x0000  DBG[8]   0x0000  DBG[8]   0x0000  DBG[8]   0x0000
DBG[9]   0x0000  DBG[9]   0x0000  DBG[9]   0x0000  DBG[9]   0x0000
DBG[10]  0x0000  DBG[10]  0x0000  DBG[10]  0x0000  DBG[10]  0x0000
DBG[11]  0x0000  DBG[11]  0x0000  DBG[11]  0x0000  DBG[11]  0x0000
DBG[12]  0x0000  DBG[12]  0x0000  DBG[12]  0x0000  DBG[12]  0x0000
DBG[13]  0x0000  DBG[13]  0x0000  DBG[13]  0x0000  DBG[13]  0x0000
DBG[14]  0x0000  DBG[14]  0x0000  DBG[14]  0x0000  DBG[14]  0x0000
DBG[15]  0x0000  DBG[15]  0x0000  DBG[15]  0x0000  DBG[15]  0x0000
DBG[16]  0x0000  DBG[16]  0x0000  DBG[16]  0x0000  DBG[16]  0x0000
DBG[17]  0x0000  DBG[17]  0x0000  DBG[17]  0x0000  DBG[17]  0x0000
DBG[18]  0x0000  DBG[18]  0x0000  DBG[18]  0x0000  DBG[18]  0x0000
DBG[19]  0x0000  DBG[19]  0x0000  DBG[19]  0x0000  DBG[19]  0x0000
DBG[20]  0x0000  DBG[20]  0x0000  DBG[20]  0x0000  DBG[20]  0x0000
DBG[21]  0x0000  DBG[21]  0x0000  DBG[21]  0x0000  DBG[21]  0x0000
DBG[22]  0x0000  DBG[22]  0x0000  DBG[22]  0x0000  DBG[22]  0x0000
DBG[23]  0x0000  DBG[23]  0x0000  DBG[23]  0x0000  DBG[23]  0x0000
DBG[24]  0x0000  DBG[24]  0x0000  DBG[24]  0x0000  DBG[24]  0x0000
DBG[25]  0x0000  DBG[25]  0x0000  DBG[25]  0x0000  DBG[25]  0x0000
DBG[26]  0x0000  DBG[26]  0x0000  DBG[26]  0x0000  DBG[26]  0x0000
DBG[27]  0x0000  DBG[27]  0x0000  DBG[27]  0x0000  DBG[27]  0x0000
DBG[28]  0x0000  DBG[28]  0x0000  DBG[28]  0x0000  DBG[28]  0x0000
DBG[29]  0x0000  DBG[29]  0x0000  DBG[29]  0x0000  DBG[29]  0x0000
DBG[30]  0x0000  DBG[30]  0x0000  DBG[30]  0x0000  DBG[30]  0x0000
DBG[31]  0x0000  DBG[31]  0x0000  DBG[31]  0x0000  DBG[31]  0x0000
[34mExecuting command: b 10000030000[0m
[34mEpoch 0[0m
-----------------------------  -----------
md_op_name                     input1
id                             0
uniqid                         10000030000
epoch_tiles                    32
chip_id                        [0]
core_coordinates               (0, 1)
size_tiles                     32
scatter_gather_num_tiles       32
is_scatter                     0
replicate                      0
tile_size                      2080
dram_io_flag_is_remote         0
dram_buf_flag                  1
dram_buf_streaming             0
write_dram_buf_flag            0
dram_prefetch_incoming_noc_id  0
outgoing_noc_id                0
dram_chan                      0
dram_sub_chan                  0
dram_addr                      822083584
q_slots                        1
dram_io_flag                   0
dram_io_allow_overwrite        0
dram_io_skip_flow_ctrl         0
dram_ram_flag                  0
use_shadow_rd_ptr              0
ublock_rt                      0
ublock_ct                      0
mblock_m                       0
mblock_n                       0
mblock_k                       0
untilized_output               0
untilized_output_full_r_dim    0
untilized_output_full_c_dim    0
untilized_output_r_dim         0
untilized_output_c_dim         0
untilized_output_z_dim         0
untilized_output_type_0_zdim   0
untilized_output_type_1_zdim   0
( [34mInput[0m of pipe 10000270000 )
Speed dial:
  #  Description    Command
---  -------------  -------------
  0  Show pipe      p 10000270000
[34mExecuting command: 0[0m
[34mEpoch 0[0m
---------------  -------------
id               10000270000
input_list       [10000030000]
output_list      [10000120000]
outgoing_noc_id  0
mcast_core_rc    [0, 0, 1]
Speed dial:
  #  Description       Command
---  ----------------  -------------
  0  Show src buffer   b 10000030000
  1  Show dest buffer  b 10000120000
[34mExecuting command: 0[0m
[34mEpoch 0[0m
-----------------------------  -----------
md_op_name                     input1
id                             0
uniqid                         10000030000
epoch_tiles                    32
chip_id                        [0]
core_coordinates               (0, 1)
size_tiles                     32
scatter_gather_num_tiles       32
is_scatter                     0
replicate                      0
tile_size                      2080
dram_io_flag_is_remote         0
dram_buf_flag                  1
dram_buf_streaming             0
write_dram_buf_flag            0
dram_prefetch_incoming_noc_id  0
outgoing_noc_id                0
dram_chan                      0
dram_sub_chan                  0
dram_addr                      822083584
q_slots                        1
dram_io_flag                   0
dram_io_allow_overwrite        0
dram_io_skip_flow_ctrl         0
dram_ram_flag                  0
use_shadow_rd_ptr              0
ublock_rt                      0
ublock_ct                      0
mblock_m                       0
mblock_n                       0
mblock_k                       0
untilized_output               0
untilized_output_full_r_dim    0
untilized_output_full_c_dim    0
untilized_output_r_dim         0
untilized_output_c_dim         0
untilized_output_z_dim         0
untilized_output_type_0_zdim   0
untilized_output_type_1_zdim   0
( [34mInput[0m of pipe 10000270000 )
Speed dial:
  #  Description    Command
---  -------------  -------------
  0  Show pipe      p 10000270000
[34mExecuting command: eq[0m
[34mEpoch queues for epoch 0, device id 0[0m
Location    Address      RD ptr    WR ptr    Occupancy
----------  ---------  --------  --------  -----------
1-2         0x27ef440         0         1            1
1-3         0x27ef560         0         1            1
3-3         0x27f1960         0         1            1
1-4         0x27ef680         0         1            1
3-5         0x27f1ba0         0         1            1
3-7         0x27f1de0         0         1            1
[38:2:205:106:0mWIP: This results of this function need to be verified[0m
Speed dial:
  #  Description    Command
---  -------------  -------------
  0  Show pipe      p 10000270000
[34mExecuting command: brxy 1 1 0 0[0m
Speed dial:
  #  Description    Command
---  -------------  -------------
  0  Show pipe      p 10000270000
[34mExecuting command: help[0m
Short    Long                     Arguments            Description
-------  -----------------------  -------------------  -------------------------------------------------------------------------------------------------------------------------
[34mx[0m        [34mexit[0m                                          exit the program. If argument given, it will be used as the exit code
[34mh[0m        [34mhelp[0m                                          prints command documentation
[34mxp[0m       [34mexport[0m                   [ filename ]         exports a zip package for offline work. The optional argument represents a zip file name. Defaults to 'debuda-export.zip'
[34me[0m        [34mepoch[0m                    epoch_id             switch to epoch epoch_id
[34mb[0m        [34mbuffer[0m                   buffer_id            prints details on the buffer with ID buffer_id
[34mp[0m        [34mpipe[0m                     pipe_id              prints details on the pipe with ID pipe_id
[34mrxy[0m      [34mpci-read-xy[0m              x y addr             read data from address 'addr' at noc0 location x-y of the chip associated with current epoch
[34mbrxy[0m     [34mburst-read-xy[0m            x y addr burst_type  burst read data from address 'addr' at noc0 location x-y of the chip associated with current epoch.
                                                       NCRISC status code address=0xffb2010c, BRISC status code address=0xffb3010c
[34mwxy[0m      [34mpci-write-xy[0m             x y addr value       writes value to address 'addr' at noc0 location x-y of the chip associated with current epoch
[34mdq[0m       [34mdram-queue[0m                                    prints DRAM queue summary
[34mhq[0m       [34mhost-queue[0m                                    prints Host queue summary
[34meq[0m       [34mepoch-queue[0m                                   prints Epoch queue summary
[34mfd[0m       [34mfull-dump[0m                                     performs a full dump at current x-y
[34mtest[0m     [34mtest[0m                                          test for development
[34mabs[0m      [34manalyze-blocked-streams[0m  verbosity [0-1]      reads stream information from the devices and highlights blocked streams (if verbosity is 1, print more detail)
[34md[0m        [34mdevice-summary[0m           device_id            shows summary of a device. When no argument is supplied, shows summary of all devices
[34mom[0m       [34mop-map[0m                                        draws a mini map of the current epoch
[34msrs[0m      [34mstatus-register-summary[0m  verbosity [0-2]      prints brisc and ncrisc status registers.
[34mt[0m        [34mdump-tile[0m                tile_id, raw         prints tile for current stream in currently active phase. If raw=1, prints raw bytes
[34mcdr[0m      [34mcore-debug-regs[0m          x y                  show debug registers for core 'x-y'. If coordinates are not supplied, show all cores.
[34ms[0m        [34mprint-stream[0m             x y stream_id        show stream 'stream_id' at core 'x-y'
[34mc[0m        [34mcore-summary[0m             x y                  show summary for core 'x-y'
Speed dial:
  #  Description    Command
---  -------------  -------------
  0  Show pipe      p 10000270000
[34mExecuting command: x[0m
[34mExiting with code 0 [0m
